[    0.000000] Initializing cgroup subsys cpuset
[    0.000000] Initializing cgroup subsys cpu
[    0.000000] Initializing cgroup subsys cpuacct
[    0.000000] Linux version 4.4.0-130-generic (buildd@lgw01-amd64-039) (gcc version 5.4.0 20160609 (Ubuntu 5.4.0-6ubuntu1~16.04.9) ) #156-Ubuntu SMP Thu Jun 14 08:53:28 UTC 2018 (Ubuntu 4.4.0-130.156-generic 4.4.134)
[    0.000000] Command line: BOOT_IMAGE=/boot/vmlinuz-4.4.0-130-generic root=UUID=2ee7d6fa-e656-40b5-89e5-042755616b92 ro console=tty1 console=ttyS0
[    0.000000] KERNEL supported cpus:
[    0.000000]   Intel GenuineIntel
[    0.000000]   AMD AuthenticAMD
[    0.000000]   Centaur CentaurHauls
[    0.000000] x86/fpu: xstate_offset[2]:  576, xstate_sizes[2]:  256
[    0.000000] x86/fpu: Supporting XSAVE feature 0x01: 'x87 floating point registers'
[    0.000000] x86/fpu: Supporting XSAVE feature 0x02: 'SSE registers'
[    0.000000] x86/fpu: Supporting XSAVE feature 0x04: 'AVX registers'
[    0.000000] x86/fpu: Enabled xstate features 0x7, context size is 832 bytes, using 'standard' format.
[    0.000000] x86/fpu: Using 'eager' FPU context switches.
[    0.000000] e820: BIOS-provided physical RAM map:
[    0.000000] BIOS-e820: [mem 0x0000000000000000-0x000000000009fbff] usable
[    0.000000] BIOS-e820: [mem 0x000000000009fc00-0x000000000009ffff] reserved
[    0.000000] BIOS-e820: [mem 0x00000000000f0000-0x00000000000fffff] reserved
[    0.000000] BIOS-e820: [mem 0x0000000000100000-0x000000003ffeffff] usable
[    0.000000] BIOS-e820: [mem 0x000000003fff0000-0x000000003fffffff] ACPI data
[    0.000000] BIOS-e820: [mem 0x00000000fec00000-0x00000000fec00fff] reserved
[    0.000000] BIOS-e820: [mem 0x00000000fee00000-0x00000000fee00fff] reserved
[    0.000000] BIOS-e820: [mem 0x00000000fffc0000-0x00000000ffffffff] reserved
[    0.000000] NX (Execute Disable) protection: active
[    0.000000] SMBIOS 2.5 present.
[    0.000000] Hypervisor detected: KVM
[    0.000000] e820: last_pfn = 0x3fff0 max_arch_pfn = 0x400000000
[    0.000000] MTRR: Disabled
[    0.000000] x86/PAT: MTRRs disabled, skipping PAT initialization too.
[    0.000000] CPU MTRRs all blank - virtualized system.
[    0.000000] x86/PAT: Configuration [0-7]: WB  WT  UC- UC  WB  WT  UC- UC  
[    0.000000] found SMP MP-table at [mem 0x0009fff0-0x0009ffff] mapped at [ffff88000009fff0]
[    0.000000] Scanning 1 areas for low memory corruption
[    0.000000] RAMDISK: [mem 0x361f2000-0x370f0fff]
[    0.000000] ACPI: Early table checksum verification disabled
[    0.000000] ACPI: RSDP 0x00000000000E0000 000024 (v02 VBOX  )
[    0.000000] ACPI: XSDT 0x000000003FFF0030 00003C (v01 VBOX   VBOXXSDT 00000001 ASL  00000061)
[    0.000000] ACPI: FACP 0x000000003FFF00F0 0000F4 (v04 VBOX   VBOXFACP 00000001 ASL  00000061)
[    0.000000] ACPI: DSDT 0x000000003FFF0470 0021FF (v02 VBOX   VBOXBIOS 00000002 INTL 20100528)
[    0.000000] ACPI: FACS 0x000000003FFF0200 000040
[    0.000000] ACPI: FACS 0x000000003FFF0200 000040
[    0.000000] ACPI: APIC 0x000000003FFF0240 00005C (v02 VBOX   VBOXAPIC 00000001 ASL  00000061)
[    0.000000] ACPI: SSDT 0x000000003FFF02A0 0001CC (v01 VBOX   VBOXCPUT 00000002 INTL 20100528)
[    0.000000] No NUMA configuration found
[    0.000000] Faking a node at [mem 0x0000000000000000-0x000000003ffeffff]
[    0.000000] NODE_DATA(0) allocated [mem 0x3ffeb000-0x3ffeffff]
[    0.000000] kvm-clock: Using msrs 4b564d01 and 4b564d00
[    0.000000] kvm-clock: cpu 0, msr 0:3ffe3001, primary cpu clock
[    0.000000] kvm-clock: using sched offset of 3933298594 cycles
[    0.000000] clocksource: kvm-clock: mask: 0xffffffffffffffff max_cycles: 0x1cd42e4dffb, max_idle_ns: 881590591483 ns
[    0.000000] Zone ranges:
[    0.000000]   DMA      [mem 0x0000000000001000-0x0000000000ffffff]
[    0.000000]   DMA32    [mem 0x0000000001000000-0x000000003ffeffff]
[    0.000000]   Normal   empty
[    0.000000]   Device   empty
[    0.000000] Movable zone start for each node
[    0.000000] Early memory node ranges
[    0.000000]   node   0: [mem 0x0000000000001000-0x000000000009efff]
[    0.000000]   node   0: [mem 0x0000000000100000-0x000000003ffeffff]
[    0.000000] Initmem setup node 0 [mem 0x0000000000001000-0x000000003ffeffff]
[    0.000000] ACPI: PM-Timer IO Port: 0x4008
[    0.000000] IOAPIC[0]: apic_id 2, version 32, address 0xfec00000, GSI 0-23
[    0.000000] ACPI: INT_SRC_OVR (bus 0 bus_irq 0 global_irq 2 dfl dfl)
[    0.000000] ACPI: INT_SRC_OVR (bus 0 bus_irq 9 global_irq 9 high level)
[    0.000000] Using ACPI (MADT) for SMP configuration information
[    0.000000] smpboot: Allowing 2 CPUs, 0 hotplug CPUs
[    0.000000] PM: Registered nosave memory: [mem 0x00000000-0x00000fff]
[    0.000000] PM: Registered nosave memory: [mem 0x0009f000-0x0009ffff]
[    0.000000] PM: Registered nosave memory: [mem 0x000a0000-0x000effff]
[    0.000000] PM: Registered nosave memory: [mem 0x000f0000-0x000fffff]
[    0.000000] e820: [mem 0x40000000-0xfebfffff] available for PCI devices
[    0.000000] Booting paravirtualized kernel on KVM
[    0.000000] clocksource: refined-jiffies: mask: 0xffffffff max_cycles: 0xffffffff, max_idle_ns: 7645519600211568 ns
[    0.000000] setup_percpu: NR_CPUS:512 nr_cpumask_bits:512 nr_cpu_ids:2 nr_node_ids:1
[    0.000000] PERCPU: Embedded 34 pages/cpu @ffff88003fc00000 s99544 r8192 d31528 u1048576
[    0.000000] PV qspinlock hash table entries: 256 (order: 0, 4096 bytes)
[    0.000000] Built 1 zonelists in Node order, mobility grouping on.  Total pages: 257912
[    0.000000] Policy zone: DMA32
[    0.000000] Kernel command line: BOOT_IMAGE=/boot/vmlinuz-4.4.0-130-generic root=UUID=2ee7d6fa-e656-40b5-89e5-042755616b92 ro console=tty1 console=ttyS0
[    0.000000] PID hash table entries: 4096 (order: 3, 32768 bytes)
[    0.000000] Memory: 997160K/1048120K available (8546K kernel code, 1313K rwdata, 4000K rodata, 1516K init, 1316K bss, 50960K reserved, 0K cma-reserved)
[    0.000000] SLUB: HWalign=64, Order=0-3, MinObjects=0, CPUs=2, Nodes=1
[    0.000000] Kernel/User page tables isolation: enabled
[    0.000000] Hierarchical RCU implementation.
[    0.000000] 	Build-time adjustment of leaf fanout to 64.
[    0.000000] 	RCU restricting CPUs from NR_CPUS=512 to nr_cpu_ids=2.
[    0.000000] RCU: Adjusting geometry for rcu_fanout_leaf=64, nr_cpu_ids=2
[    0.000000] NR_IRQS:33024 nr_irqs:440 16
[    0.000000] Console: colour VGA+ 80x25
[    0.000000] console [tty1] enabled
[    0.000000] console [ttyS0] enabled
[    0.000000] tsc: Detected 2194.918 MHz processor
[    5.825035] Calibrating delay loop (skipped) preset value.. 4389.83 BogoMIPS (lpj=8779672)
[    5.974958] pid_max: default: 32768 minimum: 301
[    6.007338] ACPI: Core revision 20150930
[    6.077589] ACPI: 2 ACPI AML tables successfully acquired and loaded
[    6.171161] Security Framework initialized
[    6.241694] Yama: becoming mindful.
[    6.306976] AppArmor: AppArmor initialized
[    6.374050] Dentry cache hash table entries: 131072 (order: 8, 1048576 bytes)
[    6.482916] Inode-cache hash table entries: 65536 (order: 7, 524288 bytes)
[    6.600397] Mount-cache hash table entries: 2048 (order: 2, 16384 bytes)
[    6.668306] Mountpoint-cache hash table entries: 2048 (order: 2, 16384 bytes)
[    6.739017] Initializing cgroup subsys io
[    6.748020] Initializing cgroup subsys memory
[    6.750639] Initializing cgroup subsys devices
[    6.805911] Initializing cgroup subsys freezer
[    6.896538] Initializing cgroup subsys net_cls
[    6.976766] Initializing cgroup subsys perf_event
[    7.060153] Initializing cgroup subsys net_prio
[    7.064303] Initializing cgroup subsys hugetlb
[    7.066408] Initializing cgroup subsys pids
[    7.068301] CPU: Physical Processor ID: 0
[    7.069971] CPU: Processor Core ID: 0
[    7.072385] mce: CPU supports 0 MCE banks
[    7.082767] Last level iTLB entries: 4KB 64, 2MB 8, 4MB 8
[    7.127464] Last level dTLB entries: 4KB 64, 2MB 0, 4MB 0, 1GB 4
[    7.229678] Spectre V2 : Mitigation: Full generic retpoline
[    7.288267] Spectre V2 : Speculation control IBPB not-supported IBRS not-supported
[    7.306997] Speculative Store Bypass: Vulnerable
[    7.376275] Freeing SMP alternatives memory: 32K
[    7.475938] ftrace: allocating 32245 entries in 126 pages
[    7.547821] smpboot: APIC(0) Converting physical 0 to logical package 0
[    7.653685] smpboot: Max logical packages: 1
[    7.701483] x2apic enabled
[    7.725213] Switched APIC routing to physical x2apic.
[    7.755758] ..TIMER: vector=0x30 apic1=0 pin1=2 apic2=-1 pin2=-1
[    7.957628] smpboot: CPU0: Intel(R) Core(TM) i5-5200U CPU @ 2.20GHz (family: 0x6, model: 0x3d, stepping: 0x4)
[    8.044132] Performance Events: unsupported p6 CPU model 61 no PMU driver, software events only.
[    8.056788] KVM setup paravirtual spinlock
[    8.079188] x86: Booting SMP configuration:
[    8.087255] .... node  #0, CPUs:      #1
[    8.097561] kvm-clock: cpu 1, msr 0:3ffe3041, secondary cpu clock
[    8.101207] mce: CPU supports 0 MCE banks
[    8.105694] x86: Booted up 1 node, 2 CPUs
[    8.141947] smpboot: Total of 2 processors activated (8779.67 BogoMIPS)
[    8.155140] devtmpfs: initialized
[    8.162004] evm: security.selinux
[    8.164852] evm: security.SMACK64
[    8.170698] evm: security.SMACK64EXEC
[    8.196576] evm: security.SMACK64TRANSMUTE
[    8.220830] evm: security.SMACK64MMAP
[    8.271352] evm: security.ima
[    8.314396] evm: security.capability
[    8.366622] clocksource: jiffies: mask: 0xffffffff max_cycles: 0xffffffff, max_idle_ns: 7645041785100000 ns
[    8.534360] futex hash table entries: 512 (order: 3, 32768 bytes)
[    8.613797] pinctrl core: initialized pinctrl subsystem
[    8.715050] RTC time:  4:15:09, date: 07/10/18
[    8.741890] NET: Registered protocol family 16
[    8.828589] cpuidle: using governor ladder
[    8.923279] cpuidle: using governor menu
[    8.977279] PCCT header not found.
[    9.040774] ACPI: bus type PCI registered
[    9.120766] acpiphp: ACPI Hot Plug PCI Controller Driver version: 0.5
[    9.231878] PCI: Using configuration type 1 for base access
[    9.271553] ACPI: Added _OSI(Module Device)
[    9.303772] ACPI: Added _OSI(Processor Device)
[    9.352387] ACPI: Added _OSI(3.0 _SCP Extensions)
[    9.400140] ACPI: Added _OSI(Processor Aggregator Device)
[    9.426479] ACPI: Executed 1 blocks of module-level executable AML code
[    9.526388] ACPI: Interpreter enabled
[    9.578687] ACPI: (supports S0 S5)
[    9.579478] ACPI: Using IOAPIC for interrupt routing
[    9.580673] PCI: Using host bridge windows from ACPI; if necessary, use "pci=nocrs" and report a bug
[    9.618155] ACPI: PCI Root Bridge [PCI0] (domain 0000 [bus 00-ff])
[    9.696931] acpi PNP0A03:00: _OSC: OS supports [ASPM ClockPM Segments MSI]
[    9.721376] acpi PNP0A03:00: _OSC: not requesting OS control; OS requires [ExtendedConfig ASPM ClockPM MSI]
[    9.734162] acpi PNP0A03:00: fail to add MMCONFIG information, can't access extended PCI configuration space under this bridge.
[    9.785520] PCI host bridge to bus 0000:00
[    9.816029] pci_bus 0000:00: root bus resource [io  0x0000-0x0cf7 window]
[    9.817307] pci_bus 0000:00: root bus resource [io  0x0d00-0xffff window]
[    9.847714] pci_bus 0000:00: root bus resource [mem 0x000a0000-0x000bffff window]
[    9.865655] pci_bus 0000:00: root bus resource [mem 0x40000000-0xffdfffff window]
[    9.868152] pci_bus 0000:00: root bus resource [bus 00-ff]
[    9.931061] pci 0000:00:01.1: legacy IDE quirk: reg 0x10: [io  0x01f0-0x01f7]
[    9.987860] pci 0000:00:01.1: legacy IDE quirk: reg 0x14: [io  0x03f6]
[   10.094232] pci 0000:00:01.1: legacy IDE quirk: reg 0x18: [io  0x0170-0x0177]
[   10.207061] pci 0000:00:01.1: legacy IDE quirk: reg 0x1c: [io  0x0376]
[   10.333832] pci 0000:00:07.0: quirk: [io  0x4000-0x403f] claimed by PIIX4 ACPI
[   10.350805] pci 0000:00:07.0: quirk: [io  0x4100-0x410f] claimed by PIIX4 SMB
[   10.396636] ACPI: PCI Interrupt Link [LNKA] (IRQs 5 9 10 *11)
[   10.479230] ACPI: PCI Interrupt Link [LNKB] (IRQs 5 9 10 *11)
[   10.571272] ACPI: PCI Interrupt Link [LNKC] (IRQs 5 9 *10 11)
[   10.620628] ACPI: PCI Interrupt Link [LNKD] (IRQs 5 *9 10 11)
[   10.675732] ACPI: Enabled 2 GPEs in block 00 to 07
[   10.748789] vgaarb: setting as boot device: PCI:0000:00:02.0
[   10.826626] vgaarb: device added: PCI:0000:00:02.0,decodes=io+mem,owns=io+mem,locks=none
[   10.828847] vgaarb: loaded
[   10.859679] vgaarb: bridge control possible 0000:00:02.0
[   10.877252] SCSI subsystem initialized
[   10.883851] ACPI: bus type USB registered
[   10.895500] usbcore: registered new interface driver usbfs
[   10.911313] usbcore: registered new interface driver hub
[   10.914552] usbcore: registered new device driver usb
[   10.922849] PCI: Using ACPI for IRQ routing
[   10.931934] NetLabel: Initializing
[   10.937206] NetLabel:  domain hash size = 128
[   10.939564] NetLabel:  protocols = UNLABELED CIPSOv4
[   10.942765] NetLabel:  unlabeled traffic allowed by default
[   10.945506] amd_nb: Cannot enumerate AMD northbridges
[   10.950250] clocksource: Switched to clocksource kvm-clock
[   10.972827] AppArmor: AppArmor Filesystem Enabled
[   10.980988] pnp: PnP ACPI init
[   10.983977] pnp: PnP ACPI: found 3 devices
[   10.994146] clocksource: acpi_pm: mask: 0xffffff max_cycles: 0xffffff, max_idle_ns: 2085701024 ns
[   11.011879] NET: Registered protocol family 2
[   11.016752] TCP established hash table entries: 8192 (order: 4, 65536 bytes)
[   11.020065] TCP bind hash table entries: 8192 (order: 5, 131072 bytes)
[   11.030021] TCP: Hash tables configured (established 8192 bind 8192)
[   11.038091] UDP hash table entries: 512 (order: 2, 16384 bytes)
[   11.045970] UDP-Lite hash table entries: 512 (order: 2, 16384 bytes)
[   11.052108] NET: Registered protocol family 1
[   11.055659] pci 0000:00:00.0: Limiting direct PCI/PCI transfers
[   11.064906] pci 0000:00:01.0: Activating ISA DMA hang workarounds
[   11.067826] Unpacking initramfs...
[   11.465626] Freeing initrd memory: 15356K
[   11.479073] RAPL PMU detected, API unit is 2^-32 Joules, 4 fixed counters 10737418240 ms ovfl timer
[   11.497458] hw unit of domain pp0-core 2^-0 Joules
[   11.498795] hw unit of domain package 2^-0 Joules
[   11.499762] hw unit of domain dram 2^-0 Joules
[   11.500686] hw unit of domain pp1-gpu 2^-0 Joules
[   11.501730] platform rtc_cmos: registered platform RTC device (no PNP device found)
[   11.512965] Scanning for low memory corruption every 60 seconds
[   11.557519] audit: initializing netlink subsys (disabled)
[   11.646685] audit: type=2000 audit(1531196108.182:1): initialized
[   11.730411] Initialise system trusted keyring
[   11.745400] HugeTLB registered 2 MB page size, pre-allocated 0 pages
[   11.765931] zbud: loaded
[   11.767720] VFS: Disk quotas dquot_6.6.0
[   11.775200] VFS: Dquot-cache hash table entries: 512 (order 0, 4096 bytes)
[   11.789870] squashfs: version 4.0 (2009/01/31) Phillip Lougher
[   11.803855] fuse init (API version 7.23)
[   11.843265] Key type big_key registered
[   11.867763] Allocating IMA MOK and blacklist keyrings.
[   11.912297] Key type asymmetric registered
[   11.938002] Asymmetric key parser 'x509' registered
[   11.941057] Block layer SCSI generic (bsg) driver version 0.4 loaded (major 249)
[   12.063096] io scheduler noop registered
[   12.117150] io scheduler deadline registered (default)
[   12.194877] io scheduler cfq registered
[   12.284267] pci_hotplug: PCI Hot Plug PCI Core version: 0.5
[   12.396439] pciehp: PCI Express Hot Plug Controller Driver version: 0.4
[   12.535353] tsc: Refined TSC clocksource calibration: 2195.340 MHz
[   12.562405] clocksource: tsc: mask: 0xffffffffffffffff max_cycles: 0x1fa500ac489, max_idle_ns: 440795254673 ns
[   12.562707] ACPI: AC Adapter [AC] (on-line)
[   12.562796] input: Power Button as /devices/LNXSYSTM:00/LNXPWRBN:00/input/input0
[   12.562800] ACPI: Power Button [PWRF]
[   12.562933] input: Sleep Button as /devices/LNXSYSTM:00/LNXSLPBN:00/input/input1
[   12.562936] ACPI: Sleep Button [SLPF]
[   12.635852] ACPI: Battery Slot [BAT0] (battery present)
[   12.635890] GHES: HEST is not enabled!
[   12.635993] Serial: 8250/16550 driver, 32 ports, IRQ sharing enabled
[   12.755389] 00:02: ttyS0 at I/O 0x3f8 (irq = 4, base_baud = 115200) is a 16550A
[   12.929505] Linux agpgart interface v0.103
[   12.966801] loop: module loaded
[   12.967420] scsi host0: ata_piix
[   12.967482] scsi host1: ata_piix
[   12.967516] ata1: PATA max UDMA/33 cmd 0x1f0 ctl 0x3f6 bmdma 0xd000 irq 14
[   12.967517] ata2: PATA max UDMA/33 cmd 0x170 ctl 0x376 bmdma 0xd008 irq 15
[   12.967599] libphy: Fixed MDIO Bus: probed
[   12.967601] tun: Universal TUN/TAP device driver, 1.6
[   12.967601] tun: (C) 1999-2004 Max Krasnyansky <maxk@qualcomm.com>
[   12.967928] PPP generic driver version 2.4.2
[   12.967984] ehci_hcd: USB 2.0 'Enhanced' Host Controller (EHCI) Driver
[   12.967988] ehci-pci: EHCI PCI platform driver
[   12.968004] ehci-platform: EHCI generic platform driver
[   12.968013] ohci_hcd: USB 1.1 'Open' Host Controller (OHCI) Driver
[   12.968016] ohci-pci: OHCI PCI platform driver
[   12.968024] ohci-platform: OHCI generic platform driver
[   12.968031] uhci_hcd: USB Universal Host Controller Interface driver
[   12.968104] i8042: PNP: PS/2 Controller [PNP0303:PS2K,PNP0f03:PS2M] at 0x60,0x64 irq 1,12
[   12.979241] serio: i8042 KBD port at 0x60,0x64 irq 1
[   12.979252] serio: i8042 AUX port at 0x60,0x64 irq 12
[   12.979490] mousedev: PS/2 mouse device common for all mice
[   12.979885] rtc_cmos rtc_cmos: rtc core: registered rtc_cmos as rtc0
[   12.979950] rtc_cmos rtc_cmos: alarms up to one day, 114 bytes nvram
[   12.979959] i2c /dev entries driver
[   12.980028] device-mapper: uevent: version 1.0.3
[   12.980088] device-mapper: ioctl: 4.34.0-ioctl (2015-10-28) initialised: dm-devel@redhat.com
[   12.980109] ledtrig-cpu: registered to indicate activity on CPUs
[   12.980414] NET: Registered protocol family 10
[   12.980592] NET: Registered protocol family 17
[   12.980603] Key type dns_resolver registered
[   12.980890] registered taskstats version 1
[   12.980912] Loading compiled-in X.509 certificates
[   12.981625] Loaded X.509 cert 'Build time autogenerated kernel key: b3e0fe4bcd6378c38a2c0a4648abbc1fa5043a22'
[   12.981643] zswap: loaded using pool lzo/zbud
[   12.984046] Key type trusted registered
[   12.987693] Key type encrypted registered
[   12.987700] AppArmor: AppArmor sha1 policy hashing enabled
[   12.987704] ima: No TPM chip found, activating TPM-bypass!
[   12.987710] ima: Allocated hash algorithm: sha1
[   12.987727] evm: HMAC attrs: 0x1
[   12.987995]   Magic number: 10:896:261
[   13.007252] rtc_cmos rtc_cmos: setting system clock to 2018-07-10 04:15:13 UTC (1531196113)
[   13.007403] BIOS EDD facility v0.16 2004-Jun-25, 0 devices found
[   13.007404] EDD information not available.
[   13.283359] input: AT Translated Set 2 keyboard as /devices/platform/i8042/serio0/input/input2
[   14.977198] Freeing unused kernel memory: 1516K
[   15.054659] Write protecting the kernel read-only data: 14336k
[   15.131926] Freeing unused kernel memory: 1680K
[   15.140680] Freeing unused kernel memory: 96K
Loading, please wait...
[   15.159689] random: systemd-udevd: uninitialized urandom read (16 bytes read, 7 bits of entropy available)
starting version[   15.160584] random: udevadm: uninitialized urandom read (16 bytes read, 7 bits of entropy available)
 229
[   15.160611] random: udevadm: uninitialized urandom read (16 bytes read, 7 bits of entropy available)
[   15.175957] random: udevadm: uninitialized urandom read (16 bytes read, 7 bits of entropy available)
[   15.176044] random: udevadm: uninitialized urandom read (16 bytes read, 7 bits of entropy available)
[   15.176349] random: udevadm: uninitialized urandom read (16 bytes read, 7 bits of entropy available)
[   15.176473] random: udevadm: uninitialized urandom read (16 bytes read, 7 bits of entropy available)
[   15.176643] random: udevadm: uninitialized urandom read (16 bytes read, 7 bits of entropy available)
[   15.176732] random: udevadm: uninitialized urandom read (16 bytes read, 7 bits of entropy available)
[   15.176810] random: udevadm: uninitialized urandom read (16 bytes read, 7 bits of entropy available)
[   15.259927] e1000: Intel(R) PRO/1000 Network Driver - version 7.3.21-k8-NAPI
[   15.259944] Fusion MPT base driver 3.04.20
[   15.259945] Copyright (c) 1999-2008 LSI Corporation
[   15.273827] e1000: Copyright (c) 1999-2006 Intel Corporation.
[   15.292036] Fusion MPT SPI Host driver 3.04.20
[   15.389563] AVX version of gcm_enc/dec engaged.
[   15.434772] AES CTR mode by8 optimization enabled
[   15.520424] input: ImExPS/2 Generic Explorer Mouse as /devices/platform/i8042/serio1/input/input4
[   15.779298] e1000 0000:00:03.0 eth0: (PCI:33MHz:32-bit) 02:b0:72:86:cc:22
[   15.812636] e1000 0000:00:03.0 eth0: Intel(R) PRO/1000 Network Connection
[   15.850124] mptbase: ioc0: Initiating bringup
[   15.908545] e1000 0000:00:03.0 enp0s3: renamed from eth0
[   15.971779] ioc0: LSI53C1030 A0: Capabilities={Initiator}
[   16.273521] scsi host2: ioc0: LSI53C1030 A0, FwRev=00000000h, Ports=1, MaxQ=256, IRQ=20
[   16.412727] scsi 2:0:0:0: Direct-Access     VBOX     HARDDISK         1.0  PQ: 0 ANSI: 5
[   16.495699] scsi target2:0:0: Beginning Domain Validation
[   16.556390] scsi target2:0:0: Domain Validation skipping write tests
[   16.660126] scsi target2:0:0: Ending Domain Validation
[   16.747563] scsi target2:0:0: asynchronous
[   16.750641] scsi 2:0:1:0: Direct-Access     VBOX     HARDDISK         1.0  PQ: 0 ANSI: 5
[   16.835505] scsi target2:0:1: Beginning Domain Validation
[   16.838769] scsi target2:0:1: Domain Validation skipping write tests
[   16.845641] scsi target2:0:1: Ending Domain Validation
[   16.850152] scsi target2:0:1: asynchronous
[   16.859618] sd 2:0:0:0: Attached scsi generic sg0 type 0
[   16.902586] sd 2:0:0:0: [sda] 20971520 512-byte logical blocks: (10.7 GB/10.0 GiB)
[   16.936204] sd 2:0:0:0: [sda] Write Protect is off
[   16.953043] sd 2:0:1:0: [sdb] 20480 512-byte logical blocks: (10.5 MB/10.0 MiB)
[   16.953076] sd 2:0:1:0: Attached scsi generic sg1 type 0
[   16.962727] sd 2:0:0:0: [sda] Incomplete mode parameter data
[   16.962730] sd 2:0:0:0: [sda] Assuming drive cache: write through
[   16.994035]  sda: sda1
[   16.995065] sd 2:0:0:0: [sda] Attached SCSI disk
[   17.013438] sd 2:0:1:0: [sdb] Write Protect is off
[   17.018350] sd 2:0:1:0: [sdb] Incomplete mode parameter data
[   17.024172] sd 2:0:1:0: [sdb] Assuming drive cache: write through
[   17.028116] sd 2:0:1:0: [sdb] Attached SCSI disk
Begin: Loading e[   18.489977] md: linear personality registered for level -1
ssential drivers[   18.566256] md: multipath personality registered for level -4
 ... [   18.671116] md: raid0 personality registered for level 0
[   18.763937] md: raid1 personality registered for level 1
[   18.874332] raid6: sse2x1   gen()  6965 MB/s
[   18.958292] raid6: sse2x1   xor()  5984 MB/s
[   19.078443] raid6: sse2x2   gen()  8885 MB/s
[   19.194506] raid6: sse2x2   xor()  4855 MB/s
[   19.306831] raid6: sse2x4   gen() 11143 MB/s
[   19.442521] raid6: sse2x4   xor()  8045 MB/s
[   19.485209] raid6: using algorithm sse2x4 gen() 11143 MB/s
[   19.496332] raid6: .... xor() 8045 MB/s, rmw enabled
[   19.538336] raid6: using ssse3x2 recovery algorithm
[   19.631287] xor: automatically using best checksumming function:
[   19.722281]    avx       : 18361.000 MB/sec
[   19.741259] async_tx: api initialized (async)
[   19.813669] md: raid6 personality registered for level 6
[   19.855432] md: raid5 personality registered for level 5
[   19.950668] md: raid4 personality registered for level 4
[   19.967144] md: raid10 personality registered for level 10
done.
Begin: Running /scripts/init-premount ... done.
Begin: Mounting root file system ... Begin: Running /scripts/local-top ... done.
Begin: Running /scripts/local-premount ... [   20.013834] Btrfs loaded
Scanning for Btrfs filesystems
done.
Warning: fsck no[   20.101138] EXT4-fs (sda1): mounted filesystem with ordered data mode. Opts: (null)
t present, so skipping root file system
done.
Begin: Running /scripts/local-bottom ... done.
Begin: Running /scripts/init-bottom ... done.
[   20.318918] systemd[1]: systemd 229 running in system mode. (+PAM +AUDIT +SELINUX +IMA +APPARMOR +SMACK +SYSVINIT +UTMP +LIBCRYPTSETUP +GCRYPT +GNUTLS +ACL +XZ -LZ4 +SECCOMP +BLKID +ELFUTILS +KMOD -IDN)
[   20.592105] systemd[1]: Detected virtualization oracle.
[   20.708311] systemd[1]: Detected architecture x86-64.

Welcome to [1mUbuntu 16.04.4 LTS[0m!

[   20.799841] systemd[1]: Set hostname to <ubuntu-xenial>.
[   21.119828] systemd[1]: Listening on Syslog Socket.
[[0;32m  OK  [0m] Listening on Syslog Socket.
[   21.226736] systemd[1]: Reached target System Time Synchronized.
[[0;32m  OK  [0m] Reached target System Time Synchronized.
[   21.375579] systemd[1]: Created slice System Slice.
[[0;32m  OK  [0m] Created slice System Slice.
[   21.571484] systemd[1]: Listening on LVM2 metadata daemon socket.
[[0;32m  OK  [0m] Listening on LVM2 metadata daemon socket.
[   21.802772] systemd[1]: Reached target User and Group Name Lookups.
[[0;32m  OK  [0m] Reached target User and Group Name Lookups.
[   22.042987] systemd[1]: Started Trigger resolvconf update for networkd DNS.
[[0;32m  OK  [0m] Started Trigger resolvconf update for networkd DNS.
[   22.254844] systemd[1]: Listening on Device-mapper event daemon FIFOs.
[[0;32m  OK  [0m] Listening on Device-mapper event daemon FIFOs.
[   22.447491] systemd[1]: Created slice User and Session Slice.
[[0;32m  OK  [0m] Created slice User and Session Slice.
[   22.538857] systemd[1]: Reached target Slices.
[[0;32m  OK  [0m] Reached target Slices.
[   22.615104] systemd[1]: Listening on Journal Socket (/dev/log).
[[0;32m  OK  [0m] Listening on Journal Socket (/dev/log).
[   22.747322] systemd[1]: Created slice system-serial\x2dgetty.slice.
[[0;32m  OK  [0m] Created slice system-serial\x2dgetty.slice.
[   22.966646] systemd[1]: Started Forward Password Requests to Wall Directory Watch.
[[0;32m  OK  [0m] Started Forward Password Requests to Wall Directory Watch.
[   23.239010] systemd[1]: Reached target Encrypted Volumes.
[[0;32m  OK  [0m] Reached target Encrypted Volumes.
[   23.454825] systemd[1]: Listening on /dev/initctl Compatibility Named Pipe.
[[0;32m  OK  [0m] Listening on /dev/initctl Compatibility Named Pipe.
[   23.508766] systemd[1]: Listening on Journal Socket.
[[0;32m  OK  [0m] Listening on Journal Socket.
[   23.647125] systemd[1]: Starting Set console keymap...
[   23.727318] random: nonblocking pool is initialized
         Starting Set console keymap...
[   23.830691] systemd[1]: Starting Load Kernel Modules...
         Starting Load Kernel Mo[   23.929283] Loading iSCSI transport class v2.0-870.
dules...
[   23.962541] iscsi: registered transport (tcp)
[   23.963627] systemd[1]: Mounting POSIX Message Queue File System...
         Mounting POSIX Message [   24.170803] iscsi: registered transport (iser)
Queue File System...
[   24.303211] systemd[1]: Starting Monitoring of LVM2 mirrors, snapshots etc. using dmeventd or progress polling...
         Starting Monitoring of LVM2 mirrors... dmeventd or progress polling...
[   24.421643] systemd[1]: Set up automount Arbitrary Executable File Formats File System Automount Point.
[[0;32m  OK  [0m] Set up automount Arbitrary Executab...ats File System Automount Point.
[   24.642258] systemd[1]: Reached target Swap.
[[0;32m  OK  [0m] Reached target Swap.
[   24.763073] systemd[1]: Starting Nameserver information manager...
         Starting Nameserver information manager...
[   24.875405] systemd[1]: Starting Create list of required static device nodes for the current kernel...
         Starting Create list of required st... nodes for the current kernel...
[   25.054967] systemd[1]: Starting Uncomplicated firewall...
         Starting Uncomplicated firewall...
[   25.178936] systemd[1]: Starting Remount Root and Kernel File Systems...
[   25.186795] EXT4-fs (sda1): re-mounted. Opts: (null)
         Starting Remount Root and Kernel File Systems...
[   25.394635] systemd[1]: Mounting Debug File System...
         Mounting Debug File System...
[   25.510825] systemd[1]: Mounting Huge Pages File System...
         Mounting Huge Pages File System...
[   25.579231] systemd[1]: Listening on LVM2 poll daemon socket.
[[0;32m  OK  [0m] Listening on LVM2 poll daemon socket.
[   25.659258] systemd[1]: Listening on udev Kernel Socket.
[[0;32m  OK  [0m] Listening on udev Kernel Socket.
[   25.711092] systemd[1]: Listening on Journal Audit Socket.
[[0;32m  OK  [0m] Listening on Journal Audit Socket.
[   25.766662] systemd[1]: Starting Journal Service...
         Starting Journal Service...
[   25.835096] systemd[1]: Listening on udev Control Socket.
[[0;32m  OK  [0m] Listening on udev Control Socket.
[   25.960151] systemd[1]: Mounted Debug File System.
[[0;32m  OK  [0m] Mounted Debug File System.
[   26.059565] systemd[1]: Mounted POSIX Message Queue File System.
[[0;32m  OK  [0m] Mounted POSIX Message Queue File System.
[   26.170932] systemd[1]: Mounted Huge Pages File System.
[[0;32m  OK  [0m] Mounted Huge Pages File System.
[   26.295017] systemd[1]: Started Journal Service.
[[0;32m  OK  [0m] Started Journal Service.
[[0;32m  OK  [0m] Started Set console keymap.
[[0;32m  OK  [0m] Started Load Kernel Modules.
[[0;32m  OK  [0m] Started Create list of required sta...ce nodes for the current kernel.
[[0;32m  OK  [0m] Started Uncomplicated firewall.
[[0;32m  OK  [0m] Started Remount Root and Kernel File Systems.
[[0;32m  OK  [0m] Started Nameserver information manager.
[[0;32m  OK  [0m] Started LVM2 metadata daemon.
         Starting Load/Save Random Seed...
         Starting udev Coldplug all Devices...
         Starting Create Static Device Nodes in /dev...
         Starting Apply Kernel Variables...
         Mounting FUSE Control File System...
         Starting Flush Journal to Persistent Storage...
[[0;32m  OK  [0m] Mounted FUSE Control File System.
[[0;32m  OK  [0m] Started Monitoring of LVM2 mirrors,...ng dmeventd or progress polling.
[[0;32m  OK  [0m] Started Load/Save Random Seed.
[[0;32m  OK  [0m] Started Create Static Device Nodes in /dev.
[[0;32m  OK  [0m] Started Apply Kernel Variables.
[[0;32m  OK  [0m] Started udev Coldplug all Devices.
         Starting udev Kernel Device Manager...
[[0;32m  OK  [0m] Started udev Kernel Device Manager.
[[0;32m  OK  [0m] Started Flush Journal to Persistent Storage.
[[0;32m  OK  [0m] Reached target Local File Systems (Pre).
[[0;32m  OK  [0m] Reached target Local File Systems.
         Starting Set console font and keymap...
         Starting Create Volatile Files and Directories...
         Starting LSB: AppArmor initialization...
         Starting Tell Plymouth To Write Out Runtime Data...
         Starting Initial cloud-init job (pre-networking)...
[[0;32m  OK  [0m] Started Dispatch Password Requests to Console Directory Watch.
[[0;32m  OK  [0m] Started Set console font and keymap.
[[0;32m  OK  [0m] Started Create Volatile Files and Directories.
[[0;32m  OK  [0m] Started Tell Plymouth To Write Out Runtime Data.
[[0;32m  OK  [0m] Found device /dev/ttyS0.
[[0;32m  OK  [0m] Listening on Load/Save RF Kill Switch Status /dev/rfkill Watch.
         Starting Update UTMP about System Boot/Shutdown...
[[0;32m  OK  [0m] Created slice system-getty.slice.
[[0;32m  OK  [0m] Started LSB: AppArmor initialization.
[[0;32m  OK  [0m] Started Update UTMP about System Boot/Shutdown.
[   19.680573] cloud-init[668]: Cloud-init v. 18.2 running 'init-local' at Tue, 10 Jul 2018 04:15:30 +0000. Up 19.39 seconds.
[[0;32m  OK  [0m] Started Initial cloud-init job (pre-networking).
[[0;32m  OK  [0m] Reached target Network (Pre).
[[0;32m  OK  [0m] Started ifup for enp0s3.
         Starting Raise network interfaces...
[[0;32m  OK  [0m] Started Raise network interfaces.
[[0;32m  OK  [0m] Reached target Network.
         Starting Initial cloud-init job (metadata service crawler)...
[   20.918074] cloud-init[988]: Cloud-init v. 18.2 running 'init' at Tue, 10 Jul 2018 04:15:31 +0000. Up 20.51 seconds.
[[0;32m  OK  [0m] Started Initial cloud-init job (metadata service crawler).
[[0;32m  OK  [0m] Reached target Network is Online.
[   21.046330] cloud-init[988]: ci-info: +++++++++++++++++++++++++++++++++++++Net device info++++++++++++++++++++++++++++++++++++++
[   21.324506]          cloud-initStarting iSCSI initiator daemon (iscsid)...[988]: 
ci-info: +--------+------+----------------------------+---------------+-------+-------------------+
[   21.488489] [cloud-init[0;32m  OK  [0m[988]: ] ci-info: | Device |  Up  |          Address           |      Mask     | Scope |     Hw-Address    |Reached target System Initialization.

         Starting Socket activation for snappy daemon.
[[0;32m  OK  [0m] Listening on UUID daemon activation socket.
[   21.489088] cloud-init[988]: ci-info: +--------+------+----------------------------+---------------+-------+-------------------+
[   21.913211]          cloud-initStarting LXD - unix socket.[988]: 
ci-info: | enp0s3 | True |         10.0.2.15          | 255.255.255.0 |   .   | 02:b0:72:86:cc:22 |
[   22.073459] [cloud-init[0;32m  OK  [0m[988]: ] ci-info: | enp0s3 | True | fe80::b0:72ff:fe86:cc22/64 |       .       |  link | 02:b0:72:86:cc:22 |Listening on D-Bus System Message Bus Socket.

[   22.074295] cloud-init[988]: ci-info: |   lo   | True |         127.0.0.1          |   255.0.0.0   |   .   |         .         |
[   22.417091] [cloud-init[0;32m  OK  [0m[988]: ] ci-info: |   lo   | True |          ::1/128           |       .       |  host |         .         |Started ACPI Events Check.

[[0;32m  OK  [0m] Reached target Paths.
[[0;32m  OK  [0m] Started Daily Cleanup of Temporary Directories.
[   22.417670] cloud-init[988]: ci-info: +--------+------+----------------------------+---------------+-------+-------------------+
[   22.821199] [cloud-init[0;32m  OK  [0m[988]: ] ci-info: +++++++++++++++++++++++++++Route IPv4 info++++++++++++++++++++++++++++Started Daily apt download activities.

[[0;32m  OK  [0m] Started Daily apt upgrade and clean activities.
[[0;32m  OK  [0m] Reached target Timers.[   22.821797] 
cloud-init[988]: ci-info: +-------+-------------+----------+---------------+-----------+-------+
[   23.180458] [cloud-init[0;32m  OK  [0m[988]: ] ci-info: | Route | Destination | Gateway  |    Genmask    | Interface | Flags |Listening on ACPID Listen Socket.

[[0;32m  OK  [0m] Reached target Cloud-config availability.
[   23.181032] cloud-init[988]: ci-info: +-------+-------------+----------+---------------+-----------+-------+
[   23.472405] [cloud-init[0;32m  OK  [0m[988]: ] ci-info: |   0   |   0.0.0.0   | 10.0.2.2 |    0.0.0.0    |   enp0s3  |   UG  |Listening on Socket activation for snappy daemon.

[   23.473031] [cloud-init[0;32m  OK  [0m[988]: ] ci-info: |   1   |   10.0.2.0  | 0.0.0.0  | 255.255.255.0 |   enp0s3  |   U   |Listening on LXD - unix socket.

[   23.836624] [cloud-init[0;32m  OK  [0m[988]: ] ci-info: +-------+-------------+----------+---------------+-----------+-------+Started iSCSI initiator daemon (iscsid).

         Starting Login to default iSCSI targets...
[[0;32m  OK  [0m] Reached target Sockets.
[[0;32m  OK  [0m] Reached target Basic System.
[[0;32m  OK  [0m] Started ACPI event daemon.
[[0;32m  OK  [0m] Started D-Bus System Message Bus.
         Starting Virtualbox guest utils...
[[0;32m  OK  [0m] Started FUSE filesystem for LXC.
[[0;32m  OK  [0m] Started Regular background program processing daemon.
         Starting System Logging Service...
[[0;32m  OK  [0m] Started Unattended Upgrades Shutdown.
         Starting LSB: Record successful boot for GRUB...
         Starting LSB: MD monitoring daemon...
         Starting /etc/rc.local Compatibility...
         Starting Apply the settings specified in cloud-config...
         Starting Accounts Service...
[[0;32m  OK  [0m] Started Deferred execution scheduler.
         Starting Login Service...
         Starting OpenBSD Secure Shell server...
         Starting LXD - container startup/shutdown...
         Starting Snappy daemon...
[[0;32m  OK  [0m] Started System Logging Service.
[[0;32m  OK  [0m] Started OpenBSD Secure Shell server.
[[0;32m  OK  [0m] Started /etc/rc.local Compatibility.
[[0;32m  OK  [0m] Started LXD - container startup/shutdown.
[[0;32m  OK  [0m] Started Login to default iSCSI targets.
[[0;32m  OK  [0m] Started LSB: Record successful boot for GRUB.
[[0;32m  OK  [0m] Started Virtualbox guest utils.
[[0;32m  OK  [0m] Started Snappy daemon.
[[0;32m  OK  [0m] Started LSB: MD monitoring daemon.
         Starting Authenticate and Authorize Users to Run Privileged Tasks...
         Starting Wait until snapd is fully seeded...
[[0;32m  OK  [0m] Reached target Remote File Systems (Pre).
[[0;32m  OK  [0m] Reached target Remote File Systems.
[   25.591038] cloud-init[1081]: Cloud-init v. 18.2 running 'modules:config' at Tue, 10 Jul 2018 04:15:36 +0000. Up 25.34 seconds.
         Starting Permit User Sessions...
         Starting LSB: automatic crash report generation...
         Starting LSB: Set the CPU Frequency Scaling governor to "ondemand"...
         Starting LSB: daemon to balance interrupts for SMP systems...
[[0;32m  OK  [0m] Started Apply the settings specified in cloud-config.
[[0;32m  OK  [0m] Started Wait until snapd is fully seeded.
[[0;32m  OK  [0m] Started Permit User Sessions.
[[0;32m  OK  [0m] Started Login Service.
[[0;32m  OK  [0m] Started Authenticate and Authorize Users to Run Privileged Tasks.
[[0;32m  OK  [0m] Started Accounts Service.
         Starting Hold until boot process finishes up...
         Starting Terminate Plymouth Boot Screen...
[[0;32m  OK  [0m] Started LSB: automatic crash report generation.
[[0;32m  OK  [0m] Started LSB: Set the CPU Frequency Scaling governor to "ondemand".
[[0;32m  OK  [0m] Started LSB: daemon to balance interrupts for SMP systems.
[[0;32m  OK  [0m] Started Hold until boot process finishes up.
[[0;32m  OK  [0m] Started Terminate Plymouth Boot Screen.
         Starting Set console scheme...
[[0;32m  OK  [0m] Started Serial Getty on ttyS0.
[[0;32m  OK  [0m] Started Getty on tty1.
[[0;32m  OK  [0m] Reached target Login Prompts.
[[0;32m  OK  [0m] Reached target Multi-User System.
         Starting Execute cloud user/final scripts...
[[0;32m  OK  [0m] Reached target Graphical Interface.
         Starting Update UTMP about System Runlevel Changes...
[[0;32m  OK  [0m] Started Set console scheme.
[[0;32m  OK  [0m] Started Update UTMP about System Runlevel Changes.
[   27.288507] cloud-init[1226]: Cloud-init v. 18.2 running 'modules:final' at Tue, 10 Jul 2018 04:15:37 +0000. Up 27.09 seconds.
[   27.357018] cloud-init[1226]: Cloud-init v. 18.2 finished at Tue, 10 Jul 2018 04:15:38 +0000. Datasource DataSourceNoCloud [seed=/dev/sdb][dsmode=net].  Up 27.27 seconds
[[0;32m  OK  [0m] Started Execute cloud user/final scripts.
[[0;32m  OK  [0m] Reached target Cloud-init target.

Ubuntu 16.04.4 LTS ubuntu-xenial ttyS0

ubuntu-xenial login: 